
Scratch directory: /tmp/
   => Libint2 <=

    Primary   basis highest AM E, G, H:  7, 6, 3
    Auxiliary basis highest AM E, G, H:  7, 7, 4
    Onebody   basis highest AM E, G, H:  -, -, -
    Solid Harmonics ordering:            Gaussian

*** tstart() called on 754ac193ae8e
*** at Thu Aug 13 04:59:45 2026

   => Loading Basis Set <=

    Name: 6-31G*
    Role: ORBITAL
    Keyword: BASIS
    atoms 1, 4, 6, 9, 11, 22, 24, 26, 28, 30     entry O          line   145 file /usr/local/share/psi4/basis/6-31gs.gbs 
    atoms 2-3, 5, 7-8, 10, 12-21, 23, 25, 27, 29 entry C          line   111 file /usr/local/share/psi4/basis/6-31gs.gbs 
    atoms 31-58                                  entry H          line    44 file /usr/local/share/psi4/basis/6-31gs.gbs 


         ---------------------------------------------------------
                                   SCF
               by Justin Turney, Rob Parrish, Andy Simmonett
                          and Daniel G. A. Smith
                              RKS Reference
                        2 Threads,   3814 MiB Core
         ---------------------------------------------------------

  ==> Geometry <==

    Molecular point group: c1
    Full point group: C1

    Geometry (in Angstrom), charge = 0, multiplicity = 1:

       Center              X                  Y                   Z               Mass       
    ------------   -----------------  -----------------  -----------------  -----------------
         O           -3.752945489493     2.463935519155    -1.212020415641    15.994914619570
         C           -2.923765489493     1.746007519155    -2.142455415641    12.000000000000
         C           -1.562844489493     1.435626519155    -1.506044415641    12.000000000000
         O           -1.045667489493     0.199853519155    -1.989355415641    15.994914619570
         C           -1.810075489493    -0.933825480845    -1.550564415641    12.000000000000
         O           -1.457987489493    -1.347043480845    -0.220707415641    15.994914619570
         C           -0.041305489493    -1.420766480845    -0.032312415641    12.000000000000
         C            0.294760510507    -2.246073480845     1.217175584359    12.000000000000
         O            1.699297510507    -2.150923480845     1.504415584359    15.994914619570
         C            2.031370510507    -1.282890480845     2.596578584359    12.000000000000
         O            1.579664510507     0.046790519155     2.322374584359    15.994914619570
         C            2.629447510507     0.988167519155     2.107390584359    12.000000000000
         C            2.857452510507     1.142371519155     0.629744584359    12.000000000000
         C            2.587660510507     2.279923519155    -0.040437415641    12.000000000000
         C            2.852555510507     2.501809519155    -1.471244415641    12.000000000000
         C            3.082774510507     3.815910519155    -1.910393415641    12.000000000000
         C            3.347734510507     4.084245519155    -3.255129415641    12.000000000000
         C            3.385934510507     3.041269519155    -4.177718415641    12.000000000000
         C            3.131889510507     1.731885519155    -3.761832415641    12.000000000000
         C            2.855722510507     1.465143519155    -2.418320415641    12.000000000000
         C            1.381872510507    -1.746796480845     3.923135584359    12.000000000000
         O            2.254637510507    -2.626408480845     4.657290584359    15.994914619570
         C            0.054914510507    -2.469862480845     3.672306584359    12.000000000000
         O           -0.796862489493    -2.313416480845     4.816808584359    15.994914619570
         C           -0.621868489493    -1.929210480845     2.415584584359    12.000000000000
         O           -1.908460489493    -2.550629480845     2.280864584359    15.994914619570
         C           -3.340514489493    -0.676642480845    -1.588926415641    12.000000000000
         O           -4.061147489493    -1.865387480845    -1.976832415641    15.994914619570
         C           -3.650833489493     0.456416519155    -2.565634415641    12.000000000000
         O           -5.074931489493     0.670020519155    -2.604974415641    15.994914619570
         H           -3.321452489493     3.322431519155    -1.044476415641     1.007825032230
         H           -2.805780489493     2.385574519155    -3.024097415641     1.007825032230
         H           -0.848215489493     2.227436519155    -1.763145415641     1.007825032230
         H           -1.618927489493     1.417441519155    -0.410278415641     1.007825032230
         H           -1.563513489493    -1.768698480845    -2.222875415641     1.007825032230
         H            0.445163510507    -1.884152480845    -0.905100415641     1.007825032230
         H            0.358729510507    -0.400524480845     0.061308584359     1.007825032230
         H            0.113264510507    -3.295243480845     0.942143584359     1.007825032230
         H            3.124020510507    -1.325326480845     2.701531584359     1.007825032230
         H            2.298899510507     1.939726519155     2.554370584359     1.007825032230
         H            3.563616510507     0.714323519155     2.621296584359     1.007825032230
         H            3.297223510507     0.274718519155     0.123617584359     1.007825032230
         H            2.165676510507     3.137789519155     0.500333584359     1.007825032230
         H            3.069439510507     4.645583519155    -1.205268415641     1.007825032230
         H            3.539710510507     5.106559519155    -3.577694415641     1.007825032230
         H            3.612004510507     3.247899519155    -5.218628415641     1.007825032230
         H            3.159350510507     0.917785519155    -4.479746415641     1.007825032230
         H            2.643216510507     0.436448519155    -2.127507415641     1.007825032230
         H            1.225015510507    -0.877777480845     4.573050584359     1.007825032230
         H            1.736913510507    -2.919074480845     5.430143584359     1.007825032230
         H            0.215979510507    -3.550293480845     3.575453584359     1.007825032230
         H           -1.690891489493    -2.543857480845     4.489568584359     1.007825032230
         H           -0.807619489493    -0.852727480845     2.522260584359     1.007825032230
         H           -2.237358489493    -2.278357480845     1.393712584359     1.007825032230
         H           -3.715038489493    -0.417130480845    -0.586892415641     1.007825032230
         H           -4.942879489493    -1.543093480845    -2.259144415641     1.007825032230
         H           -3.346187489493     0.154978519155    -3.576123415641     1.007825032230
         H           -5.237432489493     1.398190519155    -1.963428415641     1.007825032230

  Running in c1 symmetry.

  Rotational constants: A =      0.00472  B =      0.00385  C =      0.00238 [cm^-1]
  Rotational constants: A =    141.36969  B =    115.41496  C =     71.30270 [MHz]
  Nuclear repulsion = 3179.164872664581253

  Charge       = 0
  Multiplicity = 1
  Electrons    = 228
  Nalpha       = 114
  Nbeta        = 114

  ==> Algorithm <==

  SCF Algorithm Type is DF.
  DIIS enabled.
  MOM disabled.
  Fractional occupation disabled.
  Guess Type is SAD.
  Energy threshold   = 1.00e-06
  Density threshold  = 1.00e-06
  Integral threshold = 1.00e-12

  ==> Primary Basis <==

  Basis Set: 6-31G*
    Blend: 6-31G*
    Number of shells: 236
    Number of basis functions: 506
    Number of Cartesian functions: 506
    Spherical Harmonics?: false
    Max angular momentum: 2

  ==> DFT Potential <==

   => LibXC <=

    Version 7.1.2
    S. Lehtola, C. Steigemann, M. J. T. Oliveira, and M. A. L. Marques,  SoftwareX 7, 1–5 (2018) (10.1016/j.softx.2017.11.002)

   => Composite Functional: B3LYP <= 

    B3LYP Hyb-GGA Exchange-Correlation Functional

    P. J. Stephens, F. J. Devlin, C. F. Chabalowski, and M. J. Frisch,  J. Phys. Chem. 98, 11623 (1994) (10.1021/j100096a001)

    Deriv               =              1
    GGA                 =           TRUE
    Meta                =          FALSE

    Exchange Hybrid     =           TRUE
    MP2 Hybrid          =          FALSE

   => Exchange Functionals <=

    0.0800   Slater exchange
    0.7200         Becke 88

   => Exact (HF) Exchange <=

    0.2000               HF 

   => Correlation Functionals <=

    0.1900   Vosko, Wilk & Nusair (VWN5_RPA)
    0.8100   Lee, Yang & Parr

   => LibXC Density Thresholds  <==

    XC_HYB_GGA_XC_B3LYP:  1.00E-15 

   => Molecular Quadrature <=

    Radial Scheme          =       TREUTLER
    Pruning Scheme         =           NONE
    Nuclear Scheme         =       TREUTLER

    Blocking Scheme        =         OCTREE
    BS radius alpha        =              1
    Pruning alpha          =              1
    Radial Points          =             75
    Spherical Points       =            302
    Total Points           =        1176878
    Total Blocks           =           8177
    Max Points             =            256
    Max Functions          =            310
    Weights Tolerance      =       1.00E-15

   => Loading Basis Set <=

    Name: (6-31G* AUX)
    Role: JKFIT
    Keyword: DF_BASIS_SCF
    atoms 1, 4, 6, 9, 11, 22, 24, 26, 28, 30     entry O          line   221 file /usr/local/share/psi4/basis/cc-pvdz-jkfit.gbs 
    atoms 2-3, 5, 7-8, 10, 12-21, 23, 25, 27, 29 entry C          line   121 file /usr/local/share/psi4/basis/cc-pvdz-jkfit.gbs 
    atoms 31-58                                  entry H          line    51 file /usr/local/share/psi4/basis/cc-pvdz-jkfit.gbs 

  ==> Integral Setup <==

  ==> DiskDFJK: Density-Fitted J/K Matrices <==

    J tasked:                  Yes
    K tasked:                  Yes
    wK tasked:                  No
    OpenMP threads:              2
    Integrals threads:           2
    Memory [MiB]:             2045
    Algorithm:                Disk
    Integral Cache:           NONE
    Schwarz Cutoff:          1E-12
    Fitting Condition:       1E-10

   => Auxiliary Basis Set <=

  Basis Set: (6-31G* AUX)
    Blend: CC-PVDZ-JKFIT
    Number of shells: 972
    Number of basis functions: 3130
    Number of Cartesian functions: 3130
    Spherical Harmonics?: false
    Max angular momentum: 3

  Cached 12.5% of DFT collocation blocks in 0.773 [GiB].

  Minimum eigenvalue in the overlap matrix is 4.6764823028E-04.
  Reciprocal condition number of the overlap matrix is 6.0109788130E-05.
    Using symmetric orthogonalization.

  ==> Pre-Iterations <==

  SCF Guess: Superposition of Atomic Densities via on-the-fly atomic UHF (no occupation information).

   -------------------------
    Irrep   Nso     Nmo    
   -------------------------
     A        506     506 
   -------------------------
    Total     506     506
   -------------------------

  ==> Iterations <==

                           Total Energy        Delta E     RMS |[F,P]|

   @DF-RKS iter SAD: -1529.09747966651730   -1.52910e+03   0.00000e+00 
   @DF-RKS iter   1: -1529.82869788693324   -7.31218e-01   3.29106e-03 DIIS/ADIIS
   @DF-RKS iter   2: -1529.46899439469689    3.59703e-01   3.90610e-03 DIIS/ADIIS
   @DF-RKS iter   3: -1531.06111841110169   -1.59212e+00   5.04209e-04 DIIS/ADIIS
   @DF-RKS iter   4: -1531.08470981804885   -2.35914e-02   1.69177e-04 DIIS/ADIIS
   @DF-RKS iter   5: -1531.08780510022621   -3.09528e-03   2.98588e-05 DIIS
   @DF-RKS iter   6: -1531.08788095435921   -7.58541e-05   1.52624e-05 DIIS
   @DF-RKS iter   7: -1531.08790757150155   -2.66171e-05   4.23344e-06 DIIS
   @DF-RKS iter   8: -1531.08790962850071   -2.05700e-06   1.35310e-06 DIIS
   @DF-RKS iter   9: -1531.08790985383348   -2.25333e-07   4.14587e-07 DIIS
  Energy and wave function converged.


  ==> Post-Iterations <==

   Electrons on quadrature grid:
      Ntotal   =  228.0002540705 ; deviation = 2.541e-04 

    Orbital Energies [Eh]
    ---------------------

    Doubly Occupied:                                                      

       1A    -19.182150     2A    -19.176869     3A    -19.172792  
       4A    -19.164055     5A    -19.160791     6A    -19.156806  
       7A    -19.142972     8A    -19.139995     9A    -19.138817  
      10A    -19.133981    11A    -10.300724    12A    -10.293625  
      13A    -10.260964    14A    -10.251589    15A    -10.250621  
      16A    -10.247520    17A    -10.244262    18A    -10.240402  
      19A    -10.234836    20A    -10.231680    21A    -10.231535  
      22A    -10.228129    23A    -10.205283    24A    -10.203125  
      25A    -10.197257    26A    -10.196522    27A    -10.195959  
      28A    -10.195878    29A    -10.195368    30A    -10.194513  
      31A     -1.082027    32A     -1.070776    33A     -1.057065  
      34A     -1.027828    35A     -1.026219    36A     -1.020447  
      37A     -1.011365    38A     -1.008267    39A     -1.001883  
      40A     -0.991299    41A     -0.862314    42A     -0.806012  
      43A     -0.789647    44A     -0.784161    45A     -0.771844  
      46A     -0.758432    47A     -0.749555    48A     -0.742976  
      49A     -0.699735    50A     -0.677719    51A     -0.660857  
      52A     -0.644124    53A     -0.635125    54A     -0.616385  
      55A     -0.610978    56A     -0.603125    57A     -0.589571  
      58A     -0.565984    59A     -0.560534    60A     -0.551392  
      61A     -0.538941    62A     -0.532489    63A     -0.524264  
      64A     -0.522463    65A     -0.514715    66A     -0.510875  
      67A     -0.509880    68A     -0.489785    69A     -0.479726  
      70A     -0.479408    71A     -0.472777    72A     -0.469230  
      73A     -0.465505    74A     -0.457704    75A     -0.449306  
      76A     -0.445721    77A     -0.441904    78A     -0.440201  
      79A     -0.429447    80A     -0.425700    81A     -0.424226  
      82A     -0.422296    83A     -0.416639    84A     -0.410706  
      85A     -0.407840    86A     -0.398266    87A     -0.391921  
      88A     -0.387380    89A     -0.378916    90A     -0.375596  
      91A     -0.371618    92A     -0.360316    93A     -0.355227  
      94A     -0.352611    95A     -0.349540    96A     -0.347637  
      97A     -0.340337    98A     -0.335689    99A     -0.328400  
     100A     -0.322698   101A     -0.315238   102A     -0.306432  
     103A     -0.300111   104A     -0.293729   105A     -0.287249  
     106A     -0.283108   107A     -0.278196   108A     -0.270676  
     109A     -0.261871   110A     -0.260208   111A     -0.259458  
     112A     -0.255434   113A     -0.250530   114A     -0.228709  

    Virtual:                                                              

     115A     -0.036145   116A     -0.006810   117A      0.029010  
     118A      0.041344   119A      0.062557   120A      0.070616  
     121A      0.078297   122A      0.088185   123A      0.091916  
     124A      0.097414   125A      0.099808   126A      0.103812  
     127A      0.105606   128A      0.106663   129A      0.120494  
     130A      0.123426   131A      0.126550   132A      0.134325  
     133A      0.134534   134A      0.140160   135A      0.141284  
     136A      0.148726   137A      0.149908   138A      0.154124  
     139A      0.156929   140A      0.161154   141A      0.164989  
     142A      0.167146   143A      0.169356   144A      0.174602  
     145A      0.177541   146A      0.180851   147A      0.184356  
     148A      0.187612   149A      0.189488   150A      0.193946  
     151A      0.199456   152A      0.202689   153A      0.210656  
     154A      0.216882   155A      0.220398   156A      0.229557  
     157A      0.237110   158A      0.245424   159A      0.251665  
     160A      0.259887   161A      0.265387   162A      0.271057  
     163A      0.286889   164A      0.290965   165A      0.298156  
     166A      0.302772   167A      0.306403   168A      0.311540  
     169A      0.312275   170A      0.318144   171A      0.320395  
     172A      0.325560   173A      0.331685   174A      0.340499  
     175A      0.364426   176A      0.409914   177A      0.449512  
     178A      0.496282   179A      0.503912   180A      0.511618  
     181A      0.512907   182A      0.524866   183A      0.525898  
     184A      0.528316   185A      0.536739   186A      0.539377  
     187A      0.548363   188A      0.550571   189A      0.557628  
     190A      0.561690   191A      0.567421   192A      0.571635  
     193A      0.574425   194A      0.577827   195A      0.583150  
     196A      0.587238   197A      0.589671   198A      0.595978  
     199A      0.596232   200A      0.600269   201A      0.609866  
     202A      0.613504   203A      0.616865   204A      0.621195  
     205A      0.623499   206A      0.627495   207A      0.630347  
     208A      0.642339   209A      0.645356   210A      0.648552  
     211A      0.656522   212A      0.673322   213A      0.677122  
     214A      0.685485   215A      0.692642   216A      0.698038  
     217A      0.702659   218A      0.707685   219A      0.709620  
     220A      0.719325   221A      0.731875   222A      0.751239  
     223A      0.755890   224A      0.760744   225A      0.768263  
     226A      0.770011   227A      0.775242   228A      0.792056  
     229A      0.797570   230A      0.803237   231A      0.808203  
     232A      0.811016   233A      0.814975   234A      0.817912  
     235A      0.825723   236A      0.828203   237A      0.831661  
     238A      0.834606   239A      0.835619   240A      0.843737  
     241A      0.847748   242A      0.854204   243A      0.858607  
     244A      0.864348   245A      0.864864   246A      0.874858  
     247A      0.879039   248A      0.881996   249A      0.891990  
     250A      0.895001   251A      0.897071   252A      0.900774  
     253A      0.903431   254A      0.909961   255A      0.912437  
     256A      0.920701   257A      0.926974   258A      0.931706  
     259A      0.936704   260A      0.946108   261A      0.949753  
     262A      0.956148   263A      0.964559   264A      0.968688  
     265A      0.979113   266A      0.982978   267A      0.990984  
     268A      0.995777   269A      1.009637   270A      1.023127  
     271A      1.024277   272A      1.035640   273A      1.041658  
     274A      1.045922   275A      1.058077   276A      1.072368  
     277A      1.074782   278A      1.082426   279A      1.089201  
     280A      1.095897   281A      1.099100   282A      1.103552  
     283A      1.124310   284A      1.131070   285A      1.135934  
     286A      1.143967   287A      1.158522   288A      1.164513  
     289A      1.168795   290A      1.175649   291A      1.191387  
     292A      1.202262   293A      1.207487   294A      1.209118  
     295A      1.223114   296A      1.230017   297A      1.261249  
     298A      1.270087   299A      1.273573   300A      1.284426  
     301A      1.289908   302A      1.291515   303A      1.312688  
     304A      1.333234   305A      1.340327   306A      1.357116  
     307A      1.359376   308A      1.377600   309A      1.389780  
     310A      1.397297   311A      1.409669   312A      1.417597  
     313A      1.430423   314A      1.436521   315A      1.453562  
     316A      1.465064   317A      1.475900   318A      1.479431  
     319A      1.486420   320A      1.490767   321A      1.501075  
     322A      1.509659   323A      1.512678   324A      1.535613  
     325A      1.545631   326A      1.553101   327A      1.569780  
     328A      1.572038   329A      1.583596   330A      1.594046  
     331A      1.602347   332A      1.611526   333A      1.617154  
     334A      1.634869   335A      1.637922   336A      1.648332  
     337A      1.654471   338A      1.675858   339A      1.684100  
     340A      1.702700   341A      1.713239   342A      1.715913  
     343A      1.735677   344A      1.743618   345A      1.750161  
     346A      1.755099   347A      1.764148   348A      1.771778  
     349A      1.774573   350A      1.784469   351A      1.791532  
     352A      1.796767   353A      1.807782   354A      1.811417  
     355A      1.815950   356A      1.828948   357A      1.834309  
     358A      1.841376   359A      1.848654   360A      1.863633  
     361A      1.867245   362A      1.876165   363A      1.886232  
     364A      1.888436   365A      1.889788   366A      1.901320  
     367A      1.903985   368A      1.911969   369A      1.921106  
     370A      1.930462   371A      1.936352   372A      1.940798  
     373A      1.946300   374A      1.957857   375A      1.965718  
     376A      1.971584   377A      1.973491   378A      1.983249  
     379A      2.011631   380A      2.021900   381A      2.029889  
     382A      2.035161   383A      2.045529   384A      2.047427  
     385A      2.053669   386A      2.055756   387A      2.065644  
     388A      2.083563   389A      2.084431   390A      2.095083  
     391A      2.101918   392A      2.110668   393A      2.120674  
     394A      2.133371   395A      2.138309   396A      2.147364  
     397A      2.147641   398A      2.158888   399A      2.177535  
     400A      2.180153   401A      2.191172   402A      2.196690  
     403A      2.201961   404A      2.222915   405A      2.232095  
     406A      2.244483   407A      2.253101   408A      2.270436  
     409A      2.285085   410A      2.292005   411A      2.297107  
     412A      2.301482   413A      2.304219   414A      2.315607  
     415A      2.321852   416A      2.323491   417A      2.352661  
     418A      2.364106   419A      2.383110   420A      2.384900  
     421A      2.409312   422A      2.423292   423A      2.430335  
     424A      2.434939   425A      2.446228   426A      2.456807  
     427A      2.466076   428A      2.475663   429A      2.491539  
     430A      2.500888   431A      2.508764   432A      2.519635  
     433A      2.525822   434A      2.530870   435A      2.532915  
     436A      2.539736   437A      2.569290   438A      2.576470  
     439A      2.587790   440A      2.590948   441A      2.600249  
     442A      2.616354   443A      2.633962   444A      2.642398  
     445A      2.644700   446A      2.667352   447A      2.678134  
     448A      2.687103   449A      2.698050   450A      2.711453  
     451A      2.729132   452A      2.738577   453A      2.739914  
     454A      2.748263   455A      2.760797   456A      2.802909  
     457A      2.811059   458A      2.817438   459A      2.835681  
     460A      2.853645   461A      2.863583   462A      2.881035  
     463A      2.890367   464A      2.929747   465A      2.951260  
     466A      2.954646   467A      2.975911   468A      2.984668  
     469A      2.996446   470A      3.006328   471A      3.022332  
     472A      3.074635   473A      3.096220   474A      3.127338  
     475A      3.146083   476A      3.410933   477A      3.741037  
     478A      3.758281   479A      3.811579   480A      3.882222  
     481A      3.910158   482A      3.925114   483A      3.986297  
     484A      4.044211   485A      4.063677   486A      4.081349  
     487A      4.103767   488A      4.109870   489A      4.117427  
     490A      4.173829   491A      4.261725   492A      4.273973  
     493A      4.296266   494A      4.323266   495A      4.383813  
     496A      4.390975   497A      4.405784   498A      4.427705  
     499A      4.477694   500A      4.504228   501A      4.557697  
     502A      4.643949   503A      4.703111   504A      4.705992  
     505A      4.767845   506A      4.830063  

    Final Occupation by Irrep:
              A 
    DOCC [   114 ]
    NA   [   114 ]
    NB   [   114 ]

  @DF-RKS Final Energy: -1531.08790985383348

   => Energetics <=

    Nuclear Repulsion Energy =           3179.1648726645812530
    One-Electron Energy =               -8419.2407393963221693
    Two-Electron Energy =                3874.7968395101629540
    DFT Exchange-Correlation Energy =    -165.8088826322556883
    Empirical Dispersion Energy =           0.0000000000000000
    VV10 Nonlocal Energy =                  0.0000000000000000
    Total Energy =                      -1531.0879098538332528

Computation Completed


Properties will be evaluated at   0.000000,   0.000000,   0.000000 [a0]

Properties computed using the SCF density matrix


 Multipole Moments:

 ------------------------------------------------------------------------------------
     Multipole            Electronic (a.u.)      Nuclear  (a.u.)        Total (a.u.)
 ------------------------------------------------------------------------------------

 L = 1.  Multiply by 2.5417464519 to convert [e a0] to [Debye]
 Dipole X            :         -1.9548119            2.2204233            0.2656114
 Dipole Y            :         -4.8788647            7.1454634            2.2665986
 Dipole Z            :          1.7868616           -2.6593903           -0.8725288
 Magnitude           :                                                    2.4432202

 ------------------------------------------------------------------------------------

*** tstop() called on 754ac193ae8e at Thu Aug 13 05:10:31 2026
Module time:
	user time   =     888.59 seconds =      14.81 minutes
	system time =      37.90 seconds =       0.63 minutes
	total time  =        646 seconds =      10.77 minutes
Total time:
	user time   =     888.59 seconds =      14.81 minutes
	system time =      37.90 seconds =       0.63 minutes
	total time  =        646 seconds =      10.77 minutes
