
Scratch directory: /tmp/
  PCM or DDX continuum solvation does not make use of molecular symmetry: further calculations in C1 point group.
   => Libint2 <=

    Primary   basis highest AM E, G, H:  7, 6, 3
    Auxiliary basis highest AM E, G, H:  7, 7, 4
    Onebody   basis highest AM E, G, H:  -, -, -
    Solid Harmonics ordering:            Gaussian

*** tstart() called on 754ac193ae8e
*** at Thu Aug 13 05:32:13 2026

   => Loading Basis Set <=

    Name: 6-31G*
    Role: ORBITAL
    Keyword: BASIS
    atoms 1, 4, 6, 9, 11, 22, 24, 26, 28, 30     entry O          line   145 file /usr/local/share/psi4/basis/6-31gs.gbs 
    atoms 2-3, 5, 7-8, 10, 12-21, 23, 25, 27, 29 entry C          line   111 file /usr/local/share/psi4/basis/6-31gs.gbs 
    atoms 31-58                                  entry H          line    44 file /usr/local/share/psi4/basis/6-31gs.gbs 


         ---------------------------------------------------------
                                   SCF
               by Justin Turney, Rob Parrish, Andy Simmonett
                          and Daniel G. A. Smith
                              RKS Reference
                        2 Threads,   3814 MiB Core
         ---------------------------------------------------------

  ==> Geometry <==

    Molecular point group: c1
    Full point group: C1

    Geometry (in Angstrom), charge = 0, multiplicity = 1:

       Center              X                  Y                   Z               Mass       
    ------------   -----------------  -----------------  -----------------  -----------------
         O           -3.752945489493     2.463935519155    -1.212020415641    15.994914619570
         C           -2.923765489493     1.746007519155    -2.142455415641    12.000000000000
         C           -1.562844489493     1.435626519155    -1.506044415641    12.000000000000
         O           -1.045667489493     0.199853519155    -1.989355415641    15.994914619570
         C           -1.810075489493    -0.933825480845    -1.550564415641    12.000000000000
         O           -1.457987489493    -1.347043480845    -0.220707415641    15.994914619570
         C           -0.041305489493    -1.420766480845    -0.032312415641    12.000000000000
         C            0.294760510507    -2.246073480845     1.217175584359    12.000000000000
         O            1.699297510507    -2.150923480845     1.504415584359    15.994914619570
         C            2.031370510507    -1.282890480845     2.596578584359    12.000000000000
         O            1.579664510507     0.046790519155     2.322374584359    15.994914619570
         C            2.629447510507     0.988167519155     2.107390584359    12.000000000000
         C            2.857452510507     1.142371519155     0.629744584359    12.000000000000
         C            2.587660510507     2.279923519155    -0.040437415641    12.000000000000
         C            2.852555510507     2.501809519155    -1.471244415641    12.000000000000
         C            3.082774510507     3.815910519155    -1.910393415641    12.000000000000
         C            3.347734510507     4.084245519155    -3.255129415641    12.000000000000
         C            3.385934510507     3.041269519155    -4.177718415641    12.000000000000
         C            3.131889510507     1.731885519155    -3.761832415641    12.000000000000
         C            2.855722510507     1.465143519155    -2.418320415641    12.000000000000
         C            1.381872510507    -1.746796480845     3.923135584359    12.000000000000
         O            2.254637510507    -2.626408480845     4.657290584359    15.994914619570
         C            0.054914510507    -2.469862480845     3.672306584359    12.000000000000
         O           -0.796862489493    -2.313416480845     4.816808584359    15.994914619570
         C           -0.621868489493    -1.929210480845     2.415584584359    12.000000000000
         O           -1.908460489493    -2.550629480845     2.280864584359    15.994914619570
         C           -3.340514489493    -0.676642480845    -1.588926415641    12.000000000000
         O           -4.061147489493    -1.865387480845    -1.976832415641    15.994914619570
         C           -3.650833489493     0.456416519155    -2.565634415641    12.000000000000
         O           -5.074931489493     0.670020519155    -2.604974415641    15.994914619570
         H           -3.321452489493     3.322431519155    -1.044476415641     1.007825032230
         H           -2.805780489493     2.385574519155    -3.024097415641     1.007825032230
         H           -0.848215489493     2.227436519155    -1.763145415641     1.007825032230
         H           -1.618927489493     1.417441519155    -0.410278415641     1.007825032230
         H           -1.563513489493    -1.768698480845    -2.222875415641     1.007825032230
         H            0.445163510507    -1.884152480845    -0.905100415641     1.007825032230
         H            0.358729510507    -0.400524480845     0.061308584359     1.007825032230
         H            0.113264510507    -3.295243480845     0.942143584359     1.007825032230
         H            3.124020510507    -1.325326480845     2.701531584359     1.007825032230
         H            2.298899510507     1.939726519155     2.554370584359     1.007825032230
         H            3.563616510507     0.714323519155     2.621296584359     1.007825032230
         H            3.297223510507     0.274718519155     0.123617584359     1.007825032230
         H            2.165676510507     3.137789519155     0.500333584359     1.007825032230
         H            3.069439510507     4.645583519155    -1.205268415641     1.007825032230
         H            3.539710510507     5.106559519155    -3.577694415641     1.007825032230
         H            3.612004510507     3.247899519155    -5.218628415641     1.007825032230
         H            3.159350510507     0.917785519155    -4.479746415641     1.007825032230
         H            2.643216510507     0.436448519155    -2.127507415641     1.007825032230
         H            1.225015510507    -0.877777480845     4.573050584359     1.007825032230
         H            1.736913510507    -2.919074480845     5.430143584359     1.007825032230
         H            0.215979510507    -3.550293480845     3.575453584359     1.007825032230
         H           -1.690891489493    -2.543857480845     4.489568584359     1.007825032230
         H           -0.807619489493    -0.852727480845     2.522260584359     1.007825032230
         H           -2.237358489493    -2.278357480845     1.393712584359     1.007825032230
         H           -3.715038489493    -0.417130480845    -0.586892415641     1.007825032230
         H           -4.942879489493    -1.543093480845    -2.259144415641     1.007825032230
         H           -3.346187489493     0.154978519155    -3.576123415641     1.007825032230
         H           -5.237432489493     1.398190519155    -1.963428415641     1.007825032230

  Running in c1 symmetry.

  Rotational constants: A =      0.00472  B =      0.00385  C =      0.00238 [cm^-1]
  Rotational constants: A =    141.36969  B =    115.41496  C =     71.30270 [MHz]
  Nuclear repulsion = 3179.164872664581253

  Charge       = 0
  Multiplicity = 1
  Electrons    = 228
  Nalpha       = 114
  Nbeta        = 114

  ==> Algorithm <==

  SCF Algorithm Type is DF.
  DIIS enabled.
  MOM disabled.
  Fractional occupation disabled.
  Guess Type is SAD.
  Energy threshold   = 1.00e-06
  Density threshold  = 1.00e-06
  Integral threshold = 1.00e-12

  ==> Primary Basis <==

  Basis Set: 6-31G*
    Blend: 6-31G*
    Number of shells: 236
    Number of basis functions: 506
    Number of Cartesian functions: 506
    Spherical Harmonics?: false
    Max angular momentum: 2

  ==> DFT Potential <==

   => LibXC <=

    Version 7.1.2
    S. Lehtola, C. Steigemann, M. J. T. Oliveira, and M. A. L. Marques,  SoftwareX 7, 1–5 (2018) (10.1016/j.softx.2017.11.002)

   => Composite Functional: B3LYP <= 

    B3LYP Hyb-GGA Exchange-Correlation Functional

    P. J. Stephens, F. J. Devlin, C. F. Chabalowski, and M. J. Frisch,  J. Phys. Chem. 98, 11623 (1994) (10.1021/j100096a001)

    Deriv               =              1
    GGA                 =           TRUE
    Meta                =          FALSE

    Exchange Hybrid     =           TRUE
    MP2 Hybrid          =          FALSE

   => Exchange Functionals <=

    0.0800   Slater exchange
    0.7200         Becke 88

   => Exact (HF) Exchange <=

    0.2000               HF 

   => Correlation Functionals <=

    0.1900   Vosko, Wilk & Nusair (VWN5_RPA)
    0.8100   Lee, Yang & Parr

   => LibXC Density Thresholds  <==

    XC_HYB_GGA_XC_B3LYP:  1.00E-15 

   => Molecular Quadrature <=

    Radial Scheme          =       TREUTLER
    Pruning Scheme         =           NONE
    Nuclear Scheme         =       TREUTLER

    Blocking Scheme        =         OCTREE
    BS radius alpha        =              1
    Pruning alpha          =              1
    Radial Points          =             75
    Spherical Points       =            302
    Total Points           =        1176878
    Total Blocks           =           8177
    Max Points             =            256
    Max Functions          =            310
    Weights Tolerance      =       1.00E-15

   => Loading Basis Set <=

    Name: (6-31G* AUX)
    Role: JKFIT
    Keyword: DF_BASIS_SCF
    atoms 1, 4, 6, 9, 11, 22, 24, 26, 28, 30     entry O          line   221 file /usr/local/share/psi4/basis/cc-pvdz-jkfit.gbs 
    atoms 2-3, 5, 7-8, 10, 12-21, 23, 25, 27, 29 entry C          line   121 file /usr/local/share/psi4/basis/cc-pvdz-jkfit.gbs 
    atoms 31-58                                  entry H          line    51 file /usr/local/share/psi4/basis/cc-pvdz-jkfit.gbs 

  **PSI4:PCMSOLVER Interface Active**

-----------------------------------------------------------------------
   PCMSolver: An Open Source API for the Polarizable Continuum Model
                   PCMSolver undefined+0c386ac

           Git: Branch {main}, Revision {0c386ac}

 R. Di Remigio, A. H. Steindal, K. Mozgawa, V. Weijo, H. Cao, and
 L. Frediani, Int. J. Quantum Chem., 2019, 119 (1), e25685.

 Source repository: https://github.com/PCMSolver/pcmsolver
 Documentation: https://pcmsolver.readthedocs.io/
 PCMSolver initialized on: Thursday, 13 August 2026 05:33 AM
-----------------------------------------------------------------------

~~~~~~~~~~ PCMSolver ~~~~~~~~~~
Using CODATA 2010 set of constants.
Input parsing done API-side
========== Cavity 
Atomic radii set: 
Cavity type: GePol
Average tesserae area = 0.3 Ang^2
Solvent probe radius = 1.385 Ang
Number of spheres = 58 [initial = 58; added = 0]
Number of finite elements = 2336 (10 pruned)
Number of irreducible finite elements = 2336
============ Spheres list (in Angstrom)
 Sphere   on   Radius   Alpha       X            Y            Z     
-------- ---- -------- ------- -----------  -----------  -----------
   1      O    1.7500   1.00     -3.752945     2.463936     -1.212020
   2      C    1.9255   1.00     -2.923765     1.746008     -2.142455
   3      C    1.9255   1.00     -1.562844     1.435627     -1.506044
   4      O    1.7500   1.00     -1.045667     0.199854     -1.989355
   5      C    1.9255   1.00     -1.810075     -0.933825     -1.550564
   6      O    1.7500   1.00     -1.457987     -1.347043     -0.220707
   7      C    1.9255   1.00     -0.041305     -1.420766     -0.032312
   8      C    1.9255   1.00     0.294761     -2.246073     1.217176
   9      O    1.7500   1.00     1.699298     -2.150923     1.504416
  10      C    1.9255   1.00     2.031371     -1.282890     2.596579
  11      O    1.7500   1.00     1.579665     0.046791     2.322375
  12      C    1.9255   1.00     2.629448     0.988168     2.107391
  13      C    1.9255   1.00     2.857453     1.142372     0.629745
  14      C    1.9255   1.00     2.587661     2.279924     -0.040437
  15      C    1.9255   1.00     2.852556     2.501810     -1.471244
  16      C    1.9255   1.00     3.082775     3.815911     -1.910393
  17      C    1.9255   1.00     3.347735     4.084246     -3.255129
  18      C    1.9255   1.00     3.385935     3.041270     -4.177718
  19      C    1.9255   1.00     3.131890     1.731886     -3.761832
  20      C    1.9255   1.00     2.855723     1.465144     -2.418320
  21      C    1.9255   1.00     1.381873     -1.746796     3.923136
  22      O    1.7500   1.00     2.254638     -2.626408     4.657291
  23      C    1.9255   1.00     0.054915     -2.469862     3.672307
  24      O    1.7500   1.00     -0.796862     -2.313416     4.816809
  25      C    1.9255   1.00     -0.621868     -1.929210     2.415585
  26      O    1.7500   1.00     -1.908460     -2.550629     2.280865
  27      C    1.9255   1.00     -3.340514     -0.676642     -1.588926
  28      O    1.7500   1.00     -4.061147     -1.865387     -1.976832
  29      C    1.9255   1.00     -3.650833     0.456417     -2.565634
  30      O    1.7500   1.00     -5.074931     0.670021     -2.604974
  31      H    1.4430   1.00     -3.321452     3.322432     -1.044476
  32      H    1.4430   1.00     -2.805780     2.385575     -3.024097
  33      H    1.4430   1.00     -0.848215     2.227437     -1.763145
  34      H    1.4430   1.00     -1.618927     1.417442     -0.410278
  35      H    1.4430   1.00     -1.563513     -1.768698     -2.222875
  36      H    1.4430   1.00     0.445164     -1.884152     -0.905100
  37      H    1.4430   1.00     0.358730     -0.400524     0.061309
  38      H    1.4430   1.00     0.113265     -3.295243     0.942144
  39      H    1.4430   1.00     3.124021     -1.325326     2.701532
  40      H    1.4430   1.00     2.298900     1.939727     2.554371
  41      H    1.4430   1.00     3.563617     0.714324     2.621297
  42      H    1.4430   1.00     3.297224     0.274719     0.123618
  43      H    1.4430   1.00     2.165677     3.137790     0.500334
  44      H    1.4430   1.00     3.069440     4.645584     -1.205268
  45      H    1.4430   1.00     3.539711     5.106560     -3.577694
  46      H    1.4430   1.00     3.612005     3.247900     -5.218628
  47      H    1.4430   1.00     3.159351     0.917786     -4.479746
  48      H    1.4430   1.00     2.643217     0.436449     -2.127507
  49      H    1.4430   1.00     1.225016     -0.877777     4.573051
  50      H    1.4430   1.00     1.736914     -2.919074     5.430144
  51      H    1.4430   1.00     0.215980     -3.550293     3.575454
  52      H    1.4430   1.00     -1.690891     -2.543857     4.489569
  53      H    1.4430   1.00     -0.807619     -0.852727     2.522261
  54      H    1.4430   1.00     -2.237358     -2.278357     1.393713
  55      H    1.4430   1.00     -3.715038     -0.417130     -0.586892
  56      H    1.4430   1.00     -4.942879     -1.543093     -2.259144
  57      H    1.4430   1.00     -3.346187     0.154979     -3.576123
  58      H    1.4430   1.00     -5.237432     1.398191     -1.963428
========== Static solver 
Solver Type: IEFPCM, isotropic
PCM matrix hermitivitized
============ Medium 
Medium initialized from solvent built-in data.
Solvent name:          Water
Static  permittivity = 78.39
Optical permittivity = 1.78
Solvent radius =       1.39 Ang
.... Inside 
Green's function type: vacuum
.... Outside 
Green's function type: uniform dielectric
Permittivity = 78.39

  ==> Integral Setup <==

  ==> DiskDFJK: Density-Fitted J/K Matrices <==

    J tasked:                  Yes
    K tasked:                  Yes
    wK tasked:                  No
    OpenMP threads:              2
    Integrals threads:           2
    Memory [MiB]:             2045
    Algorithm:                Disk
    Integral Cache:           NONE
    Schwarz Cutoff:          1E-12
    Fitting Condition:       1E-10

   => Auxiliary Basis Set <=

  Basis Set: (6-31G* AUX)
    Blend: CC-PVDZ-JKFIT
    Number of shells: 972
    Number of basis functions: 3130
    Number of Cartesian functions: 3130
    Spherical Harmonics?: false
    Max angular momentum: 3

  Cached 12.5% of DFT collocation blocks in 0.773 [GiB].

  Minimum eigenvalue in the overlap matrix is 4.6764823027E-04.
  Reciprocal condition number of the overlap matrix is 6.0109788130E-05.
    Using symmetric orthogonalization.

  ==> Pre-Iterations <==

  SCF Guess: Superposition of Atomic Densities via on-the-fly atomic UHF (no occupation information).

   -------------------------
    Irrep   Nso     Nmo    
   -------------------------
     A        506     506 
   -------------------------
    Total     506     506
   -------------------------

  ==> Iterations <==

                           Total Energy        Delta E     RMS |[F,P]|

   @DF-RKS iter SAD: -1529.09859222960290   -1.52910e+03   0.00000e+00 
   @DF-RKS iter   1: -1529.90463355524776   -8.06041e-01   3.25294e-03 DIIS/ADIIS
   @DF-RKS iter   2: -1529.66988836017254    2.34745e-01   3.74123e-03 DIIS/ADIIS
   @DF-RKS iter   3: -1531.09290423775383   -1.42302e+00   5.20173e-04 DIIS/ADIIS
   @DF-RKS iter   4: -1531.11918936543088   -2.62851e-02   1.37062e-04 DIIS/ADIIS
   @DF-RKS iter   5: -1531.12121748870595   -2.02812e-03   2.46668e-05 DIIS
   @DF-RKS iter   6: -1531.12127463783418   -5.71491e-05   1.10117e-05 DIIS
   @DF-RKS iter   7: -1531.12128889605265   -1.42582e-05   2.32329e-06 DIIS
   @DF-RKS iter   8: -1531.12128944022311   -5.44170e-07   9.69353e-07 DIIS
  Energy and wave function converged.


  ==> Post-Iterations <==

   Electrons on quadrature grid:
      Ntotal   =  228.0002559437 ; deviation = 2.559e-04 

    Orbital Energies [Eh]
    ---------------------

    Doubly Occupied:                                                      

       1A    -19.174031     2A    -19.173856     3A    -19.169755  
       4A    -19.165713     5A    -19.164592     6A    -19.155357  
       7A    -19.152167     8A    -19.151276     9A    -19.149547  
      10A    -19.148321    11A    -10.299400    12A    -10.297986  
      13A    -10.246655    14A    -10.246258    15A    -10.245590  
      16A    -10.243571    17A    -10.243509    18A    -10.240872  
      19A    -10.239780    20A    -10.238653    21A    -10.237852  
      22A    -10.233298    23A    -10.201380    24A    -10.196508  
      25A    -10.191764    26A    -10.191321    27A    -10.191070  
      28A    -10.190966    29A    -10.190421    30A    -10.189405  
      31A     -1.080619    32A     -1.075162    33A     -1.045287  
      34A     -1.036079    35A     -1.025576    36A     -1.022589  
      37A     -1.017700    38A     -1.015908    39A     -1.003982  
      40A     -1.003157    41A     -0.858743    42A     -0.801832  
      43A     -0.789808    44A     -0.780185    45A     -0.776796  
      46A     -0.755878    47A     -0.745292    48A     -0.740529  
      49A     -0.699762    50A     -0.675003    51A     -0.656649  
      52A     -0.643254    53A     -0.637996    54A     -0.615688  
      55A     -0.611144    56A     -0.598229    57A     -0.582342  
      58A     -0.569241    59A     -0.558561    60A     -0.548156  
      61A     -0.541134    62A     -0.532909    63A     -0.523133  
      64A     -0.516891    65A     -0.513621    66A     -0.511936  
      67A     -0.506625    68A     -0.490686    69A     -0.482597  
      70A     -0.480549    71A     -0.469808    72A     -0.467846  
      73A     -0.464227    74A     -0.455662    75A     -0.449264  
      76A     -0.444652    77A     -0.439404    78A     -0.439059  
      79A     -0.432793    80A     -0.430476    81A     -0.424650  
      82A     -0.418148    83A     -0.414087    84A     -0.412664  
      85A     -0.407013    86A     -0.394607    87A     -0.392392  
      88A     -0.384771    89A     -0.381433    90A     -0.376495  
      91A     -0.370527    92A     -0.366082    93A     -0.360405  
      94A     -0.353561    95A     -0.347487    96A     -0.344124  
      97A     -0.341257    98A     -0.335809    99A     -0.329342  
     100A     -0.324712   101A     -0.319224   102A     -0.303267  
     103A     -0.298875   104A     -0.294042   105A     -0.292975  
     106A     -0.284613   107A     -0.279908   108A     -0.273209  
     109A     -0.272617   110A     -0.267908   111A     -0.264014  
     112A     -0.260180   113A     -0.253232   114A     -0.225985  

    Virtual:                                                              

     115A     -0.032631   116A     -0.003973   117A      0.045097  
     118A      0.051729   119A      0.062716   120A      0.073084  
     121A      0.078340   122A      0.095032   123A      0.097787  
     124A      0.100479   125A      0.102774   126A      0.109637  
     127A      0.111657   128A      0.115288   129A      0.121257  
     130A      0.130424   131A      0.133238   132A      0.134870  
     133A      0.141579   134A      0.148324   135A      0.151234  
     136A      0.152668   137A      0.153872   138A      0.158845  
     139A      0.162337   140A      0.163819   141A      0.168681  
     142A      0.170138   143A      0.175319   144A      0.178767  
     145A      0.182347   146A      0.186259   147A      0.187102  
     148A      0.190725   149A      0.196666   150A      0.200600  
     151A      0.201940   152A      0.204677   153A      0.208991  
     154A      0.218745   155A      0.221283   156A      0.230940  
     157A      0.235993   158A      0.248301   159A      0.256582  
     160A      0.259562   161A      0.268212   162A      0.271976  
     163A      0.292790   164A      0.294201   165A      0.297252  
     166A      0.300773   167A      0.310126   168A      0.310533  
     169A      0.315188   170A      0.318241   171A      0.322959  
     172A      0.330238   173A      0.332425   174A      0.334713  
     175A      0.370625   176A      0.416120   177A      0.455233  
     178A      0.499139   179A      0.506598   180A      0.514696  
     181A      0.516338   182A      0.523143   183A      0.528545  
     184A      0.529946   185A      0.540227   186A      0.542257  
     187A      0.549629   188A      0.554113   189A      0.562477  
     190A      0.565740   191A      0.569277   192A      0.575564  
     193A      0.576135   194A      0.577772   195A      0.585583  
     196A      0.586930   197A      0.592463   198A      0.596790  
     199A      0.599458   200A      0.602285   201A      0.611113  
     202A      0.613968   203A      0.617473   204A      0.618460  
     205A      0.627334   206A      0.628254   207A      0.633804  
     208A      0.640977   209A      0.644652   210A      0.647531  
     211A      0.659119   212A      0.673417   213A      0.679432  
     214A      0.689189   215A      0.693120   216A      0.696247  
     217A      0.704969   218A      0.705980   219A      0.709872  
     220A      0.722211   221A      0.726420   222A      0.745860  
     223A      0.754391   224A      0.760761   225A      0.765561  
     226A      0.774294   227A      0.778009   228A      0.788861  
     229A      0.794539   230A      0.797644   231A      0.804366  
     232A      0.812512   233A      0.813595   234A      0.820737  
     235A      0.829032   236A      0.832564   237A      0.836884  
     238A      0.840117   239A      0.842414   240A      0.845277  
     241A      0.855272   242A      0.858097   243A      0.863255  
     244A      0.864345   245A      0.873987   246A      0.882651  
     247A      0.883327   248A      0.885861   249A      0.890067  
     250A      0.894971   251A      0.895821   252A      0.900934  
     253A      0.908527   254A      0.911194   255A      0.915278  
     256A      0.919493   257A      0.929472   258A      0.934804  
     259A      0.939585   260A      0.949247   261A      0.952132  
     262A      0.954536   263A      0.961545   264A      0.965774  
     265A      0.978317   266A      0.982360   267A      0.989698  
     268A      0.995934   269A      1.011792   270A      1.014673  
     271A      1.027277   272A      1.027816   273A      1.034957  
     274A      1.044595   275A      1.056066   276A      1.064597  
     277A      1.074074   278A      1.080439   279A      1.083225  
     280A      1.091672   281A      1.095356   282A      1.099542  
     283A      1.123461   284A      1.129549   285A      1.134001  
     286A      1.142092   287A      1.155942   288A      1.164880  
     289A      1.168408   290A      1.174911   291A      1.190165  
     292A      1.201523   293A      1.205506   294A      1.208699  
     295A      1.224809   296A      1.228282   297A      1.256444  
     298A      1.263188   299A      1.269070   300A      1.283576  
     301A      1.290154   302A      1.295330   303A      1.309918  
     304A      1.326164   305A      1.340551   306A      1.356187  
     307A      1.358987   308A      1.373714   309A      1.383456  
     310A      1.394703   311A      1.410505   312A      1.416837  
     313A      1.430596   314A      1.437579   315A      1.454572  
     316A      1.463549   317A      1.476134   318A      1.482593  
     319A      1.488505   320A      1.494485   321A      1.502884  
     322A      1.506952   323A      1.513328   324A      1.537533  
     325A      1.542739   326A      1.553860   327A      1.567704  
     328A      1.573404   329A      1.585065   330A      1.594177  
     331A      1.602412   332A      1.608364   333A      1.614815  
     334A      1.631565   335A      1.633163   336A      1.649875  
     337A      1.657716   338A      1.673028   339A      1.682767  
     340A      1.696159   341A      1.707095   342A      1.719334  
     343A      1.736724   344A      1.747273   345A      1.750652  
     346A      1.755950   347A      1.759367   348A      1.771373  
     349A      1.776248   350A      1.779328   351A      1.794365  
     352A      1.797686   353A      1.806828   354A      1.812184  
     355A      1.816421   356A      1.821891   357A      1.831572  
     358A      1.836926   359A      1.850520   360A      1.858279  
     361A      1.864159   362A      1.875620   363A      1.882866  
     364A      1.890749   365A      1.891612   366A      1.899620  
     367A      1.901195   368A      1.911327   369A      1.921658  
     370A      1.928885   371A      1.934109   372A      1.937966  
     373A      1.944968   374A      1.957662   375A      1.964502  
     376A      1.976000   377A      1.978394   378A      1.980884  
     379A      2.008073   380A      2.018980   381A      2.030011  
     382A      2.038707   383A      2.040392   384A      2.047928  
     385A      2.051925   386A      2.055039   387A      2.063136  
     388A      2.082096   389A      2.087815   390A      2.096045  
     391A      2.103974   392A      2.108944   393A      2.114704  
     394A      2.135871   395A      2.139886   396A      2.149579  
     397A      2.152920   398A      2.157184   399A      2.175303  
     400A      2.182695   401A      2.195336   402A      2.198621  
     403A      2.203317   404A      2.225256   405A      2.229774  
     406A      2.244497   407A      2.256158   408A      2.266781  
     409A      2.285261   410A      2.291434   411A      2.293234  
     412A      2.303937   413A      2.307612   414A      2.314545  
     415A      2.323392   416A      2.326130   417A      2.348010  
     418A      2.366428   419A      2.375877   420A      2.386556  
     421A      2.400395   422A      2.424663   423A      2.429321  
     424A      2.443110   425A      2.449735   426A      2.459154  
     427A      2.468496   428A      2.472304   429A      2.486484  
     430A      2.502401   431A      2.508850   432A      2.514439  
     433A      2.519618   434A      2.529005   435A      2.531254  
     436A      2.537035   437A      2.564794   438A      2.579841  
     439A      2.588070   440A      2.596379   441A      2.599302  
     442A      2.617103   443A      2.631866   444A      2.636814  
     445A      2.647989   446A      2.666926   447A      2.679525  
     448A      2.685678   449A      2.699197   450A      2.715432  
     451A      2.727952   452A      2.737572   453A      2.744095  
     454A      2.751824   455A      2.760123   456A      2.799178  
     457A      2.811037   458A      2.819402   459A      2.837639  
     460A      2.855248   461A      2.858915   462A      2.885461  
     463A      2.896267   464A      2.926492   465A      2.948709  
     466A      2.956784   467A      2.974561   468A      2.983206  
     469A      2.991802   470A      2.997153   471A      3.021543  
     472A      3.075758   473A      3.089631   474A      3.118471  
     475A      3.150792   476A      3.415650   477A      3.726479  
     478A      3.770404   479A      3.808960   480A      3.881130  
     481A      3.898001   482A      3.915848   483A      3.978672  
     484A      4.039092   485A      4.065142   486A      4.085214  
     487A      4.107031   488A      4.112817   489A      4.115681  
     490A      4.177103   491A      4.265251   492A      4.282324  
     493A      4.295007   494A      4.327448   495A      4.385403  
     496A      4.390275   497A      4.402106   498A      4.433882  
     499A      4.482138   500A      4.497812   501A      4.551767  
     502A      4.639119   503A      4.707488   504A      4.710573  
     505A      4.773655   506A      4.821843  

    Final Occupation by Irrep:
              A 
    DOCC [   114 ]
    NA   [   114 ]
    NB   [   114 ]

  @DF-RKS Final Energy: -1531.12128944022311

   => Energetics <=

    Nuclear Repulsion Energy =           3179.1648726645812530
    One-Electron Energy =               -8419.8939797226030350
    Two-Electron Energy =                3875.4723929123897506
    DFT Exchange-Correlation Energy =    -165.8279145523829925
    Empirical Dispersion Energy =           0.0000000000000000
    VV10 Nonlocal Energy =                  0.0000000000000000
    PCM Polarization Energy =              -0.0366607422083509
    Total Energy =                      -1531.1212894402228812

Computation Completed


Properties will be evaluated at   0.000000,   0.000000,   0.000000 [a0]

Properties computed using the SCF density matrix


 Multipole Moments:

 ------------------------------------------------------------------------------------
     Multipole            Electronic (a.u.)      Nuclear  (a.u.)        Total (a.u.)
 ------------------------------------------------------------------------------------

 L = 1.  Multiply by 2.5417464519 to convert [e a0] to [Debye]
 Dipole X            :         -1.8002148            2.2204233            0.4202085
 Dipole Y            :         -4.2848846            7.1454634            2.8605787
 Dipole Z            :          1.7218326           -2.6593903           -0.9375577
 Magnitude           :                                                    3.0394901

 ------------------------------------------------------------------------------------

*** tstop() called on 754ac193ae8e at Thu Aug 13 05:55:56 2026
Module time:
	user time   =    2098.97 seconds =      34.98 minutes
	system time =      46.22 seconds =       0.77 minutes
	total time  =       1423 seconds =      23.72 minutes
Total time:
	user time   =    3654.44 seconds =      60.91 minutes
	system time =     105.77 seconds =       1.76 minutes
	total time  =       3371 seconds =      56.18 minutes
