
Scratch directory: /tmp/
   => Libint2 <=

    Primary   basis highest AM E, G, H:  7, 6, 3
    Auxiliary basis highest AM E, G, H:  7, 7, 4
    Onebody   basis highest AM E, G, H:  -, -, -
    Solid Harmonics ordering:            Gaussian

*** tstart() called on 754ac193ae8e
*** at Thu Aug 13 05:17:56 2026

   => Loading Basis Set <=

    Name: 6-31G*
    Role: ORBITAL
    Keyword: BASIS
    atoms 1-9, 11-15, 17 entry C          line   111 file /usr/local/share/psi4/basis/6-31gs.gbs 
    atoms 10, 16, 18-21  entry O          line   145 file /usr/local/share/psi4/basis/6-31gs.gbs 
    atoms 22-41          entry H          line    44 file /usr/local/share/psi4/basis/6-31gs.gbs 


         ---------------------------------------------------------
                                   SCF
               by Justin Turney, Rob Parrish, Andy Simmonett
                          and Daniel G. A. Smith
                              RKS Reference
                        2 Threads,   3814 MiB Core
         ---------------------------------------------------------

  ==> Geometry <==

    Molecular point group: c1
    Full point group: C1

    Geometry (in Angstrom), charge = 0, multiplicity = 1:

       Center              X                  Y                   Z               Mass       
    ------------   -----------------  -----------------  -----------------  -----------------
         C            6.323231571172     0.677263606191     0.181763901752    12.000000000000
         C            5.384252571172     0.453169606191    -0.822754098248    12.000000000000
         C            4.117571571172    -0.040800393809    -0.500071098248    12.000000000000
         C            3.780893571172    -0.325549393809     0.829992901752    12.000000000000
         C            4.728280571172    -0.080608393809     1.832530901752    12.000000000000
         C            5.995144571172     0.412742606191     1.509658901752    12.000000000000
         C            2.448787571172    -0.812464393809     1.212876901752    12.000000000000
         C            1.728351571172    -1.679909393809     0.483736901752    12.000000000000
         C            0.363593571172    -2.162872393809     0.864645901752    12.000000000000
         O           -0.533864428828    -1.944836393809    -0.217410098248    15.994914619570
         C           -1.055950428828    -0.613287393809    -0.253883098248    12.000000000000
         C           -1.700376428828    -0.389550393809    -1.639326098248    12.000000000000
         C           -2.463414428828     0.934603606191    -1.663250098248    12.000000000000
         C           -3.430029428828     1.034256606191    -0.482757098248    12.000000000000
         C           -2.637654428828     0.822189606191     0.815391901752    12.000000000000
         O           -2.021750428828    -0.473644393809     0.796316901752    15.994914619570
         C           -3.532020428828     0.884879606191     2.057527901752    12.000000000000
         O           -4.579859428828    -0.078352393809     1.968701901752    15.994914619570
         O           -4.060824428828     2.317712606191    -0.527868098248    15.994914619570
         O           -3.184558428828     1.044256606191    -2.902233098248    15.994914619570
         O           -0.710999428828    -0.354730393809    -2.682463098248    15.994914619570
         H            7.308310571172     1.061076606191    -0.070118098248     1.007825032230
         H            5.633939571172     0.665972606191    -1.858973098248     1.007825032230
         H            3.395021571172    -0.191194393809    -1.299183098248     1.007825032230
         H            4.492066571172    -0.281614393809     2.874845901752     1.007825032230
         H            6.724722571172     0.590072606191     2.295415901752     1.007825032230
         H            2.059676571172    -0.434392393809     2.155320901752     1.007825032230
         H            2.119906571172    -2.084873393809    -0.446635098248     1.007825032230
         H            0.414234571172    -3.244379393809     1.029160901752     1.007825032230
         H           -0.009394428828    -1.709652393809     1.790154901752     1.007825032230
         H           -0.241264428828     0.107827606191    -0.108437098248     1.007825032230
         H           -2.375672428828    -1.220814393809    -1.877525098248     1.007825032230
         H           -1.761278428828     1.778144606191    -1.657797098248     1.007825032230
         H           -4.212077428828     0.274766606191    -0.608285098248     1.007825032230
         H           -1.861692428828     1.590826606191     0.927121901752     1.007825032230
         H           -2.954925428828     0.660291606191     2.960754901752     1.007825032230
         H           -3.985104428828     1.873602606191     2.174286901752     1.007825032230
         H           -4.135954428828    -0.944113393809     1.871708901752     1.007825032230
         H           -4.870457428828     2.249906606191     0.014497901752     1.007825032230
         H           -3.752817428828     1.833583606191    -2.795820098248     1.007825032230
         H           -1.208316428828    -0.126846393809    -3.492693098248     1.007825032230

  Running in c1 symmetry.

  Rotational constants: A =      0.01757  B =      0.00420  C =      0.00391 [cm^-1]
  Rotational constants: A =    526.83406  B =    125.99903  C =    117.14366 [MHz]
  Nuclear repulsion = 1700.997466207310254

  Charge       = 0
  Multiplicity = 1
  Electrons    = 158
  Nalpha       = 79
  Nbeta        = 79

  ==> Algorithm <==

  SCF Algorithm Type is DF.
  DIIS enabled.
  MOM disabled.
  Fractional occupation disabled.
  Guess Type is SAD.
  Energy threshold   = 1.00e-06
  Density threshold  = 1.00e-06
  Integral threshold = 1.00e-12

  ==> Primary Basis <==

  Basis Set: 6-31G*
    Blend: 6-31G*
    Number of shells: 166
    Number of basis functions: 355
    Number of Cartesian functions: 355
    Spherical Harmonics?: false
    Max angular momentum: 2

  ==> DFT Potential <==

   => LibXC <=

    Version 7.1.2
    S. Lehtola, C. Steigemann, M. J. T. Oliveira, and M. A. L. Marques,  SoftwareX 7, 1–5 (2018) (10.1016/j.softx.2017.11.002)

   => Composite Functional: B3LYP <= 

    B3LYP Hyb-GGA Exchange-Correlation Functional

    P. J. Stephens, F. J. Devlin, C. F. Chabalowski, and M. J. Frisch,  J. Phys. Chem. 98, 11623 (1994) (10.1021/j100096a001)

    Deriv               =              1
    GGA                 =           TRUE
    Meta                =          FALSE

    Exchange Hybrid     =           TRUE
    MP2 Hybrid          =          FALSE

   => Exchange Functionals <=

    0.0800   Slater exchange
    0.7200         Becke 88

   => Exact (HF) Exchange <=

    0.2000               HF 

   => Correlation Functionals <=

    0.1900   Vosko, Wilk & Nusair (VWN5_RPA)
    0.8100   Lee, Yang & Parr

   => LibXC Density Thresholds  <==

    XC_HYB_GGA_XC_B3LYP:  1.00E-15 

   => Molecular Quadrature <=

    Radial Scheme          =       TREUTLER
    Pruning Scheme         =           NONE
    Nuclear Scheme         =       TREUTLER

    Blocking Scheme        =         OCTREE
    BS radius alpha        =              1
    Pruning alpha          =              1
    Radial Points          =             75
    Spherical Points       =            302
    Total Points           =         841900
    Total Blocks           =           5964
    Max Points             =            256
    Max Functions          =            263
    Weights Tolerance      =       1.00E-15

   => Loading Basis Set <=

    Name: (6-31G* AUX)
    Role: JKFIT
    Keyword: DF_BASIS_SCF
    atoms 1-9, 11-15, 17 entry C          line   121 file /usr/local/share/psi4/basis/cc-pvdz-jkfit.gbs 
    atoms 10, 16, 18-21  entry O          line   221 file /usr/local/share/psi4/basis/cc-pvdz-jkfit.gbs 
    atoms 22-41          entry H          line    51 file /usr/local/share/psi4/basis/cc-pvdz-jkfit.gbs 

  ==> Integral Setup <==

  DFHelper Memory: AOs need 1.421 GiB; user supplied 1.421 GiB. 
  SCF_SUBTYPE=INCORE selected. In-core MEM_DF algorithm will be used.
  Using in-core AOs.

  ==> MemDFJK: Density-Fitted J/K Matrices <==

    J tasked:                   Yes
    K tasked:                   Yes
    wK tasked:                   No
    OpenMP threads:               2
    Memory [MiB]:              1455
    Algorithm:                 Core
    Schwarz Cutoff:           1E-12
    Mask sparsity (%):      34.4233
    Fitting Condition:        1E-10

   => Auxiliary Basis Set <=

  Basis Set: (6-31G* AUX)
    Blend: CC-PVDZ-JKFIT
    Number of shells: 684
    Number of basis functions: 2201
    Number of Cartesian functions: 2201
    Spherical Harmonics?: false
    Max angular momentum: 3

  Cached 33.3% of DFT collocation blocks in 1.228 [GiB].

  Minimum eigenvalue in the overlap matrix is 4.6550430569E-04.
  Reciprocal condition number of the overlap matrix is 5.9917212617E-05.
    Using symmetric orthogonalization.

  ==> Pre-Iterations <==

  SCF Guess: Superposition of Atomic Densities via on-the-fly atomic UHF (no occupation information).

   -------------------------
    Irrep   Nso     Nmo    
   -------------------------
     A        355     355 
   -------------------------
    Total     355     355
   -------------------------

  ==> Iterations <==

                           Total Energy        Delta E     RMS |[F,P]|

   @DF-RKS iter SAD: -1033.45908592173100   -1.03346e+03   0.00000e+00 
   @DF-RKS iter   1: -1033.94988542532542   -4.90800e-01   3.99827e-03 DIIS/ADIIS
   @DF-RKS iter   2: -1033.68318692449293    2.66699e-01   4.75240e-03 DIIS/ADIIS
   @DF-RKS iter   3: -1034.87625363803591   -1.19307e+00   6.60630e-04 DIIS/ADIIS
   @DF-RKS iter   4: -1034.89643030966704   -2.01767e-02   2.08183e-04 DIIS/ADIIS
   @DF-RKS iter   5: -1034.89868111775468   -2.25081e-03   4.48320e-05 DIIS
   @DF-RKS iter   6: -1034.89875960521454   -7.84875e-05   2.41490e-05 DIIS
   @DF-RKS iter   7: -1034.89878997219694   -3.03670e-05   5.12472e-06 DIIS
   @DF-RKS iter   8: -1034.89879142875202   -1.45656e-06   1.55716e-06 DIIS
   @DF-RKS iter   9: -1034.89879156263373   -1.33882e-07   6.15001e-07 DIIS
  Energy and wave function converged.


  ==> Post-Iterations <==

   Electrons on quadrature grid:
      Ntotal   =  157.9998184193 ; deviation = -1.816e-04 

    Orbital Energies [Eh]
    ---------------------

    Doubly Occupied:                                                      

       1A    -19.171738     2A    -19.168334     3A    -19.159317  
       4A    -19.151677     5A    -19.149395     6A    -19.139965  
       7A    -10.294927     8A    -10.250416     9A    -10.245232  
      10A    -10.243308    11A    -10.241564    12A    -10.240376  
      13A    -10.234797    14A    -10.195803    15A    -10.192988  
      16A    -10.188545    17A    -10.188000    18A    -10.187794  
      19A    -10.187387    20A    -10.186962    21A    -10.186806  
      22A     -1.075423    23A     -1.043803    24A     -1.028920  
      25A     -1.020378    26A     -1.012184    27A     -1.000868  
      28A     -0.855497    29A     -0.800032    30A     -0.786324  
      31A     -0.774256    32A     -0.743035    33A     -0.739955  
      34A     -0.702526    35A     -0.671198    36A     -0.633360  
      37A     -0.622227    38A     -0.607357    39A     -0.593572  
      40A     -0.588394    41A     -0.556533    42A     -0.544856  
      43A     -0.528807    44A     -0.523619    45A     -0.512827  
      46A     -0.501045    47A     -0.498733    48A     -0.485824  
      49A     -0.471553    50A     -0.464293    51A     -0.463181  
      52A     -0.452055    53A     -0.438562    54A     -0.434811  
      55A     -0.427593    56A     -0.423655    57A     -0.420382  
      58A     -0.416651    59A     -0.409540    60A     -0.397165  
      61A     -0.378654    62A     -0.374515    63A     -0.363218  
      64A     -0.357470    65A     -0.350352    66A     -0.343578  
      67A     -0.340750    68A     -0.335104    69A     -0.328722  
      70A     -0.326239    71A     -0.300893    72A     -0.286442  
      73A     -0.281487    74A     -0.278967    75A     -0.275161  
      76A     -0.264913    77A     -0.261122    78A     -0.247652  
      79A     -0.224649  

    Virtual:                                                              

      80A     -0.024136    81A      0.000723    82A      0.044283  
      83A      0.047570    84A      0.063021    85A      0.088677  
      86A      0.094107    87A      0.097594    88A      0.111780  
      89A      0.114102    90A      0.119432    91A      0.120843  
      92A      0.131856    93A      0.143316    94A      0.149090  
      95A      0.149970    96A      0.157204    97A      0.162607  
      98A      0.166993    99A      0.172801   100A      0.174277  
     101A      0.177633   102A      0.180174   103A      0.186550  
     104A      0.188729   105A      0.195058   106A      0.198696  
     107A      0.205788   108A      0.209669   109A      0.225322  
     110A      0.236945   111A      0.245587   112A      0.263069  
     113A      0.269553   114A      0.279776   115A      0.290749  
     116A      0.304485   117A      0.308993   118A      0.313008  
     119A      0.319152   120A      0.330803   121A      0.337054  
     122A      0.372502   123A      0.412275   124A      0.461434  
     125A      0.511085   126A      0.517671   127A      0.527486  
     128A      0.529615   129A      0.536824   130A      0.544653  
     131A      0.550023   132A      0.558525   133A      0.560651  
     134A      0.573697   135A      0.577345   136A      0.578678  
     137A      0.580718   138A      0.585272   139A      0.594056  
     140A      0.596440   141A      0.600908   142A      0.605940  
     143A      0.607206   144A      0.617338   145A      0.624842  
     146A      0.631483   147A      0.641434   148A      0.651469  
     149A      0.651965   150A      0.665385   151A      0.679003  
     152A      0.688699   153A      0.689653   154A      0.703198  
     155A      0.715113   156A      0.720036   157A      0.730414  
     158A      0.757014   159A      0.762321   160A      0.777415  
     161A      0.780574   162A      0.787017   163A      0.800594  
     164A      0.807669   165A      0.821025   166A      0.824240  
     167A      0.829348   168A      0.836421   169A      0.839815  
     170A      0.842360   171A      0.847261   172A      0.857923  
     173A      0.866552   174A      0.872658   175A      0.882662  
     176A      0.891238   177A      0.893930   178A      0.902330  
     179A      0.907251   180A      0.909759   181A      0.914991  
     182A      0.927445   183A      0.933049   184A      0.938965  
     185A      0.950379   186A      0.954760   187A      0.965895  
     188A      0.976745   189A      0.984454   190A      0.998831  
     191A      1.007262   192A      1.012597   193A      1.014709  
     194A      1.041247   195A      1.067842   196A      1.076455  
     197A      1.082865   198A      1.101742   199A      1.107444  
     200A      1.127422   201A      1.131307   202A      1.145820  
     203A      1.157546   204A      1.166629   205A      1.174818  
     206A      1.192720   207A      1.204254   208A      1.213478  
     209A      1.223804   210A      1.233571   211A      1.260115  
     212A      1.270714   213A      1.289239   214A      1.293093  
     215A      1.308087   216A      1.322016   217A      1.340171  
     218A      1.367578   219A      1.398628   220A      1.407433  
     221A      1.418081   222A      1.439183   223A      1.439786  
     224A      1.467811   225A      1.475509   226A      1.490522  
     227A      1.496261   228A      1.505272   229A      1.515112  
     230A      1.520436   231A      1.535589   232A      1.558219  
     233A      1.563844   234A      1.598363   235A      1.609509  
     236A      1.611076   237A      1.623674   238A      1.643010  
     239A      1.659068   240A      1.676399   241A      1.701762  
     242A      1.724161   243A      1.727987   244A      1.767620  
     245A      1.775036   246A      1.777433   247A      1.794212  
     248A      1.802873   249A      1.814756   250A      1.825970  
     251A      1.831144   252A      1.851025   253A      1.864736  
     254A      1.870690   255A      1.886052   256A      1.898504  
     257A      1.904908   258A      1.908017   259A      1.929935  
     260A      1.941684   261A      1.946191   262A      1.952701  
     263A      1.976150   264A      1.985645   265A      1.989773  
     266A      2.000738   267A      2.014162   268A      2.033848  
     269A      2.049429   270A      2.054599   271A      2.060555  
     272A      2.077176   273A      2.085343   274A      2.092413  
     275A      2.107087   276A      2.116342   277A      2.123506  
     278A      2.137858   279A      2.141864   280A      2.149602  
     281A      2.158961   282A      2.182250   283A      2.185328  
     284A      2.201189   285A      2.220223   286A      2.237987  
     287A      2.247938   288A      2.263288   289A      2.278850  
     290A      2.296211   291A      2.306614   292A      2.312873  
     293A      2.323228   294A      2.331081   295A      2.365876  
     296A      2.396480   297A      2.407171   298A      2.431710  
     299A      2.433866   300A      2.452031   301A      2.461877  
     302A      2.475380   303A      2.500204   304A      2.516634  
     305A      2.537843   306A      2.543736   307A      2.556129  
     308A      2.575808   309A      2.586376   310A      2.627851  
     311A      2.634061   312A      2.645867   313A      2.660353  
     314A      2.672701   315A      2.690734   316A      2.706155  
     317A      2.730013   318A      2.739667   319A      2.745074  
     320A      2.759057   321A      2.793538   322A      2.804414  
     323A      2.840744   324A      2.844483   325A      2.894198  
     326A      2.949521   327A      2.963866   328A      2.981088  
     329A      3.001505   330A      3.015970   331A      3.032718  
     332A      3.117183   333A      3.144819   334A      3.423214  
     335A      3.695822   336A      3.779543   337A      3.850203  
     338A      3.909125   339A      4.028525   340A      4.090943  
     341A      4.116105   342A      4.120152   343A      4.128884  
     344A      4.187672   345A      4.264035   346A      4.282995  
     347A      4.331034   348A      4.364368   349A      4.382358  
     350A      4.401299   351A      4.476707   352A      4.549048  
     353A      4.657873   354A      4.676910   355A      4.714157  

    Final Occupation by Irrep:
              A 
    DOCC [    79 ]
    NA   [    79 ]
    NB   [    79 ]

  @DF-RKS Final Energy: -1034.89879156263373

   => Energetics <=

    Nuclear Repulsion Energy =           1700.9974662073102536
    One-Electron Energy =               -4792.5568514909846272
    Two-Electron Energy =                2170.2928467377605557
    DFT Exchange-Correlation Energy =    -113.6322530167199005
    Empirical Dispersion Energy =           0.0000000000000000
    VV10 Nonlocal Energy =                  0.0000000000000000
    Total Energy =                      -1034.8987915626339600

Computation Completed


Properties will be evaluated at   0.000000,   0.000000,   0.000000 [a0]

Properties computed using the SCF density matrix


 Multipole Moments:

 ------------------------------------------------------------------------------------
     Multipole            Electronic (a.u.)      Nuclear  (a.u.)        Total (a.u.)
 ------------------------------------------------------------------------------------

 L = 1.  Multiply by 2.5417464519 to convert [e a0] to [Debye]
 Dipole X            :         -0.7261959            0.6577007           -0.0684952
 Dipole Y            :         -1.7359725            2.2975569            0.5615844
 Dipole Z            :         -2.9247437            3.6181915            0.6934478
 Magnitude           :                                                    0.8949517

 ------------------------------------------------------------------------------------

*** tstop() called on 754ac193ae8e at Thu Aug 13 05:20:51 2026
Module time:
	user time   =     260.05 seconds =       4.33 minutes
	system time =       4.78 seconds =       0.08 minutes
	total time  =        175 seconds =       2.92 minutes
Total time:
	user time   =    1405.56 seconds =      23.43 minutes
	system time =      54.99 seconds =       0.92 minutes
	total time  =       1266 seconds =      21.10 minutes
